services\auth\cmd\main.go:14:2: github.com/aws/aws-sdk-go-v2/service/ssooidc@v1.29.3: reading github.com/aws/aws-sdk-go-v2/service/ssooidc/go.mod at revision service/ssooidc/v1.29.3: unknown revision service/ssooidc/v1.29.3
services\auth\config\config.go:6:2: github.com/aws/aws-sdk-go-v2/service/ssooidc@v1.29.3: reading github.com/aws/aws-sdk-go-v2/service/ssooidc/go.mod at revision service/ssooidc/v1.29.3: unknown revision service/ssooidc/v1.29.3
services\auth\gen\pb\auth_grpc.pb.go:11:2: github.com/aws/aws-sdk-go-v2/service/ssooidc@v1.29.3: reading github.com/aws/aws-sdk-go-v2/service/ssooidc/go.mod at revision service/ssooidc/v1.29.3: unknown revision service/ssooidc/v1.29.3
services\auth\gen\pb\auth_grpc.pb.go:12:2: github.com/aws/aws-sdk-go-v2/service/ssooidc@v1.29.3: reading github.com/aws/aws-sdk-go-v2/service/ssooidc/go.mod at revision service/ssooidc/v1.29.3: unknown revision service/ssooidc/v1.29.3
services\auth\gen\pb\auth_grpc.pb.go:13:2: github.com/aws/aws-sdk-go-v2/service/ssooidc@v1.29.3: reading github.com/aws/aws-sdk-go-v2/service/ssooidc/go.mod at revision service/ssooidc/v1.29.3: unknown revision service/ssooidc/v1.29.3
services\auth\gen\pb\auth.pb.go:10:2: github.com/aws/aws-sdk-go-v2/service/ssooidc@v1.29.3: reading github.com/aws/aws-sdk-go-v2/service/ssooidc/go.mod at revision service/ssooidc/v1.29.3: unknown revision service/ssooidc/v1.29.3
services\auth\gen\pb\auth.pb.go:11:2: github.com/aws/aws-sdk-go-v2/service/ssooidc@v1.29.3: reading github.com/aws/aws-sdk-go-v2/service/ssooidc/go.mod at revision service/ssooidc/v1.29.3: unknown revision service/ssooidc/v1.29.3
services\auth\gen\sqlc\db.go:10:2: github.com/aws/aws-sdk-go-v2/service/ssooidc@v1.29.3: reading github.com/aws/aws-sdk-go-v2/service/ssooidc/go.mod at revision service/ssooidc/v1.29.3: unknown revision service/ssooidc/v1.29.3
services\auth\gen\sqlc\db.go:11:2: github.com/aws/aws-sdk-go-v2/service/ssooidc@v1.29.3: reading github.com/aws/aws-sdk-go-v2/service/ssooidc/go.mod at revision service/ssooidc/v1.29.3: unknown revision service/ssooidc/v1.29.3
services\auth\gen\sqlc\models.go:8:2: github.com/aws/aws-sdk-go-v2/service/ssooidc@v1.29.3: reading github.com/aws/aws-sdk-go-v2/service/ssooidc/go.mod at revision service/ssooidc/v1.29.3: unknown revision service/ssooidc/v1.29.3
services\auth\internal\redisstore\token_store.go:9:2: github.com/aws/aws-sdk-go-v2/service/ssooidc@v1.29.3: reading github.com/aws/aws-sdk-go-v2/service/ssooidc/go.mod at revision service/ssooidc/v1.29.3: unknown revision service/ssooidc/v1.29.3
services\auth\internal\repository\user_repo.go:8:2: github.com/aws/aws-sdk-go-v2/service/ssooidc@v1.29.3: reading github.com/aws/aws-sdk-go-v2/service/ssooidc/go.mod at revision service/ssooidc/v1.29.3: unknown revision service/ssooidc/v1.29.3
pkg\token\jwt_maker.go:8:2: github.com/aws/aws-sdk-go-v2/service/ssooidc@v1.29.3: reading github.com/aws/aws-sdk-go-v2/service/ssooidc/go.mod at revision service/ssooidc/v1.29.3: unknown revision service/ssooidc/v1.29.3
services\auth\internal\service\auth_service.go:8:2: github.com/aws/aws-sdk-go-v2/service/ssooidc@v1.29.3: reading github.com/aws/aws-sdk-go-v2/service/ssooidc/go.mod at revision service/ssooidc/v1.29.3: unknown revision service/ssooidc/v1.29.3
services\auth\internal\service\password.go:11:2: github.com/aws/aws-sdk-go-v2/service/ssooidc@v1.29.3: reading github.com/aws/aws-sdk-go-v2/service/ssooidc/go.mod at revision service/ssooidc/v1.29.3: unknown revision service/ssooidc/v1.29.3
pkg\logger\logger.go:9:2: github.com/aws/aws-sdk-go-v2/service/ssooidc@v1.29.3: reading github.com/aws/aws-sdk-go-v2/service/ssooidc/go.mod at revision service/ssooidc/v1.29.3: unknown revision service/ssooidc/v1.29.3
services\auth\cmd\main.go:15:2: github.com/aws/aws-sdk-go-v2/service/ssooidc@v1.29.3: reading github.com/aws/aws-sdk-go-v2/service/ssooidc/go.mod at revision service/ssooidc/v1.29.3: unknown revision service/ssooidc/v1.29.3
services\auth\cmd\main.go:16:2: github.com/aws/aws-sdk-go-v2/service/ssooidc@v1.29.3: reading github.com/aws/aws-sdk-go-v2/service/ssooidc/go.mod at revision service/ssooidc/v1.29.3: unknown revision service/ssooidc/v1.29.3
services\auth\cmd\main.go:17:2: github.com/aws/aws-sdk-go-v2/service/ssooidc@v1.29.3: reading github.com/aws/aws-sdk-go-v2/service/ssooidc/go.mod at revision service/ssooidc/v1.29.3: unknown revision service/ssooidc/v1.29.3
